// Jest Snapshot v1, https://goo.gl/fbAQLP

exports[`Renders with no props 1`] = `null`;

exports[`Renders with text child 1`] = `null`;
