// Jest Snapshot v1, https://jestjs.io/docs/snapshot-testing

exports[`Matches snapshot 1`] = `
<DocumentFragment>
  <div
    class="d-flex flex-column text-white"
    style="min-height: 100vh;"
  >
    <div
      class="d-flex justify-content-between ms-4 me-4 mt-2 mb-0 m-sm-4"
    >
      <div
        class="d-flex justify-content-start align-items-stretch"
      >
        <div
          class="d-none d-sm-block"
          style="flex-grow: 0.25;"
        />
        <div
          class="h3 border-bottom m-2 ms-0"
          contenteditable="true"
          style="outline: none; min-width: 25vw;"
        />
        <div
          class="d-none d-sm-block"
          style="flex-grow: 2;"
        />
      </div>
      <div>
        <button
          aria-controls="settingsMenu"
          class="btn"
          data-bs-target="#settingsMenu"
          data-bs-toggle="offcanvas"
          type="button"
        >
          <svg
            class="bi bi-gear-wide-connected"
            fill="white"
            height="24"
            viewBox="0 0 16 16"
            width="24"
            xmlns="http://www.w3.org/2000/svg"
          >
            <path
              d="M7.068.727c.243-.97 1.62-.97 1.864 0l.071.286a.96.96 0 0 0 1.622.434l.205-.211c.695-.719 1.888-.03 1.613.931l-.08.284a.96.96 0 0 0 1.187 1.187l.283-.081c.96-.275 1.65.918.931 1.613l-.211.205a.96.96 0 0 0 .434 1.622l.286.071c.97.243.97 1.62 0 1.864l-.286.071a.96.96 0 0 0-.434 1.622l.211.205c.719.695.03 1.888-.931 1.613l-.284-.08a.96.96 0 0 0-1.187 1.187l.081.283c.275.96-.918 1.65-1.613.931l-.205-.211a.96.96 0 0 0-1.622.434l-.071.286c-.243.97-1.62.97-1.864 0l-.071-.286a.96.96 0 0 0-1.622-.434l-.205.211c-.695.719-1.888.03-1.613-.931l.08-.284a.96.96 0 0 0-1.186-1.187l-.284.081c-.96.275-1.65-.918-.931-1.613l.211-.205a.96.96 0 0 0-.434-1.622l-.286-.071c-.97-.243-.97-1.62 0-1.864l.286-.071a.96.96 0 0 0 .434-1.622l-.211-.205c-.719-.695-.03-1.888.931-1.613l.284.08a.96.96 0 0 0 1.187-1.186l-.081-.284c-.275-.96.918-1.65 1.613-.931l.205.211a.96.96 0 0 0 1.622-.434zM12.973 8.5H8.25l-2.834 3.779A4.998 4.998 0 0 0 12.973 8.5m0-1a4.998 4.998 0 0 0-7.557-3.779l2.834 3.78zM5.048 3.967l-.087.065zm-.431.355A4.98 4.98 0 0 0 3.002 8c0 1.455.622 2.765 1.615 3.678L7.375 8zm.344 7.646.087.065z"
            />
          </svg>
        </button>
        <div
          aria-labelledby="settingsMenu"
          class="w-100 offcanvas offcanvas-start overflow-y-scroll p-4"
          data-bs-theme="dark"
          id="settingsMenu"
          tabindex="-1"
        >
          <div
            class="offcanvas-header"
          >
            <button
              aria-label="Close"
              class="btn-close"
              data-bs-dismiss="offcanvas"
              type="button"
            />
          </div>
          <div
            class="container"
          >
            <h4
              class="row border-bottom"
            >
              Take Counting
            </h4>
            <div
              class="row mb-2"
            >
              <div
                class="col-6 align-self-center p-0"
              >
                <h5
                  class="my-0"
                >
                  Mode
                </h5>
              </div>
              <div
                class="col-6 align-self-center p-0"
              >
                <select
                  aria-label="Mode"
                  class="form-select"
                >
                  <option
                    value="manual"
                  >
                    Manual
                  </option>
                  <option
                    value="ptFileWatcher"
                  >
                    Pro Tools File Watcher
                  </option>
                </select>
              </div>
            </div>
            <div>
              <h4
                class="row border-bottom mt-3"
              >
                Keyboard Shortcuts
              </h4>
              <p>
                To change keyboard shortcuts: click the shortcut box, enter the shortcut you want, then click away from the box.
              </p>
              <div
                class="row mb-2"
              >
                <div
                  class="col-6 align-self-center p-0"
                >
                  <h5
                    class="my-0"
                  >
                    Increment count
                  </h5>
                </div>
                <div
                  class="col-6 align-self-center p-0"
                >
                  <div
                    class="border rounded p-1"
                    contenteditable="true"
                    style="outline: none; min-width: 20%;"
                  />
                </div>
              </div>
              <div
                class="row mb-2"
              >
                <div
                  class="col-6 align-self-center p-0"
                >
                  <h5
                    class="my-0"
                  >
                    Decrement count
                  </h5>
                </div>
                <div
                  class="col-6 align-self-center p-0"
                >
                  <div
                    class="border rounded p-1"
                    contenteditable="true"
                    style="outline: none; min-width: 20%;"
                  />
                </div>
              </div>
              <div
                class="row mb-2"
              >
                <div
                  class="col-6 align-self-center p-0"
                >
                  <h5
                    class="my-0"
                  >
                    Reset count
                  </h5>
                </div>
                <div
                  class="col-6 align-self-center p-0"
                >
                  <div
                    class="border rounded p-1"
                    contenteditable="true"
                    style="outline: none; min-width: 20%;"
                  />
                </div>
              </div>
            </div>
            <div
              class="row justify-content-start border-top mt-3 pt-2"
            >
              <div
                class="row mb-2"
              >
                <div
                  class="col-6 align-self-center p-0"
                >
                  <h5
                    class="my-0"
                  >
                    Reset
                  </h5>
                </div>
                <div
                  class="col-6 align-self-center p-0"
                >
                  <div
                    class="d-flex"
                  >
                    <div
                      class="flex-grow-1"
                    />
                    <button
                      class="btn btn-outline-secondary"
                      data-bs-placement="top"
                      data-bs-toggle="tooltip"
                      type="button"
                    >
                      Reset Default Settings
                    </button>
                  </div>
                </div>
              </div>
            </div>
          </div>
        </div>
      </div>
    </div>
    <div
      class="d-flex flex-column align-items-center justify-content-center"
      style="flex-grow: 1;"
    >
      <div
        style="flex-grow: 0.75;"
      />
      <div
        class="d-flex"
      >
        <h1
          class="display-1 me-4 me-md-5"
        >
          Take
        </h1>
        <div
          class="display-1"
          contenteditable="true"
          style="outline: none; min-width: 40%;"
        />
      </div>
      <div
        class=""
        style="flex-grow: 0;"
      >
        <button
          class="btn btn-primary m-1"
          data-bs-placement="bottom"
          data-bs-title="Alt+Shift+-"
          data-bs-toggle="tooltip"
          type="button"
        >
          -
        </button>
        <button
          class="btn btn-primary m-1"
          data-bs-placement="bottom"
          data-bs-toggle="tooltip"
          type="button"
        >
          reset
        </button>
        <button
          class="btn btn-primary m-1"
          data-bs-placement="bottom"
          data-bs-title="Alt+Shift+="
          data-bs-toggle="tooltip"
          type="button"
        >
          +
        </button>
      </div>
      <div
        style="flex-grow: 1;"
      />
    </div>
  </div>
</DocumentFragment>
`;
